# NON-TRAILING SLASHES

/guides/get_iplayer-web-pvr-manager/ /wiki/webpvr/;
/guides/advanced-file-naming-guide/ /wiki/fileprefix/;
/guides/windows-quick-install-guide/ /guides/windowsinstall/;
/guides/linux-quick-install-guide/ /downloads/;
;wiki/installation/githeadunix/ /wiki/githeadunix/;
/wiki/installation/githeadgit/ /wiki/githeadgit/;
/guides/complete-beginners-guide/ /guides/;
/forums/topic/get_iplayer-and-bbc-changes-in-early-oct-2014/ /blog/bbc-removes-programme-feeds-blow-get_iplayer/;
/find-path-to-a-folder-on-mac/ http://josharcher.uk/code/find-path-to-folder-on-mac/;
/guides/tv-download /guides/tv-download-guide/;
/why-margaret-thatcher-is-hate http://josharcher.uk/blog/why-margaret-thatcher-is-hated/;

/get_iplayer-guide-for-beginners /guides/;
/get_iplayer-guide-for-beginners/ /guides/;
/updates /categories/updates/;
/announcements /categories/announcements/;
/maintenance /categories/maintenance/;
/find-path-to-a-folder-on-mac http://josharcher.uk/code/find-path-to-folder-on-mac/;
/why-margaret-thatcher-is-hated http://josharcher.uk/blog/why-margaret-thatcher-is-hated/;
/all-forums /forums/;
/sq-log-reg /forums/;
/topics /forums/portal.php;
/wiki/installation/debian6 /wiki/debian6/;
/wiki/installation/githeadwin /wiki/githeadwin/;
/wiki/releasenotes/release293 /wiki/release293/;
/wiki/releasenotes/release292 /wiki/release292/;
/wiki/releasenotes/release291 /wiki/release291/;
/wiki/releasenotes/release290 /wiki/release290/;
/wiki/releasenotes/release289 /wiki/release289/;
/wiki/releasenotes/release288 /wiki/release288/;
/wiki/releasenotes/release287 /wiki/release287/;
/wiki/releasenotes/release286 /wiki/release286/;
/wiki/releasenotes/release285 /wiki/release285/;
/wiki/releasenotes/release284 /wiki/release284/;
/wiki/releasenotes/release283 /wiki/release283/;
/wiki/installation/manual /wiki/manual/;
/wiki/installation/arch /wiki/arch/;
/wiki/installation/centos /wiki/centos/;
/wiki/installation/debian /wiki/debian/;
/wiki/installation/fedora /wiki/fedora/;
/wiki/installation/freebsd /wiki/freebsd/;
/wiki/installation/mageia /wiki/mageia/;
/wiki/installation/openbsd /wiki/openbsd/;
/wiki/installation/opensuse /wiki/opensuse/;
/wiki/installation/raspbian /wiki/raspbian/;
/wiki/installation/slackware /wiki/slackware/;
/wiki/installation/ubuntu /wiki/ubuntu/;
/wiki/installation/osxhomebrew /wiki/osxhomebrew/;
/wiki/installation/osxmacports /wiki/osxmacports/;
/wiki/installation/osxmanual /wiki/osxmanual/;
/wiki/installation/winsetup /wiki/winsetup/;
/wiki/installation/winmanual /wiki/winmanual/;
/wiki/installation/gipdev /wiki/gipdev/;
/wiki/installation/perlbrew /wiki/perlbrew/;
/get_iplayer-features /features/;
/forums/forum/feature-requests /forums/forum-7.html;
/forums/forum/general-topics /forums/forum-15.html;
/forums/forum/linux-forums /forums/forum-10.html;
/forums/forum/linux-forums/linux-unix-support /forums/forum-13.html;
/forums/forum/linux-forums/linux-unix-troubleshooting /forums/forum-14.html;
/forums/forum/linux-unix-support /forums/forum-13.html;
/forums/forum/linux-unix-troubleshooting /forums/forum-14.html;
/forums/forum/os-x-forums /forums/forum-9.html;
/forums/forum/os-x-forums/os-x-support /forums/forum-11.html;
/forums/forum/os-x-forums/os-x-troubleshooting /forums/forum-12.html;
/forums/forum/os-x-support /forums/forum-11.html;
/forums/forum/os-x-troubleshooting /forums/forum-12.html;
/forums/forum/test-forum-2 /forums/forum-4.html;
/forums/forum/windows-forums /forums/forum-8.html;
/forums/forum/windows-forums/windows-support /forums/forum-5.html;
/forums/forum/windows-forums/windows-troubleshooting /forums/forum-6.html;
/forums/forum/windows-support /forums/forum-5.html;
/forums/forum/windows-troubleshooting /forums/forum-6.html;
/forums/topic/0-byte-filesize /forums/thread-109.html;
/forums/topic/10060-unknown-error-2 /forums/thread-427.html;
/forums/topic/1711-schedules-unavailable /forums/thread-281.html;
/forums/topic/2-82-in-vista-finds-pid-but-download-fails /forums/thread-89.html;
/forums/topic/50fps-recordings /forums/thread-457.html;
/forums/topic/a-temporary-pvr /forums/thread-322.html;
/forums/topic/a-total-dimwit /forums/thread-267.html;
/forums/topic/aac-tracks-skipping-after-get_iplayer-upgrade /forums/thread-67.html;
/forums/topic/am-i-breaking-any-laws-by-using-get_iplayer /forums/thread-396.html;
/forums/topic/an-interface-to-the-pvr /forums/thread-203.html;
/forums/topic/another-breakage-on-the-way /forums/thread-333.html;
/forums/topic/anyone-seen-atlas-open-source-broadcast-data-provider /forums/thread-242.html;
/forums/topic/atomicparsley-exe-64-bit-problem /forums/thread-439.html;
/forums/topic/audio-clips /forums/thread-198.html;
/forums/topic/audio-description-recording-problems /forums/thread-81.html;
/forums/topic/automating-pid-collection-and-download /forums/thread-246.html;
/forums/topic/avconv-not-handling-896-x-504 /forums/thread-171.html;
/forums/topic/avi /forums/thread-68.html;
/forums/topic/bad-day-to-install-get_iplayer /forums/thread-177.html;
/forums/topic/bbc-iplayer-issues-19th-20th-july-2014 /forums/thread-180.html;
/forums/topic/bbc-kent-sean-rowley /forums/thread-369.html;
/forums/topic/bbc-listing-search-no-longer-working /forums/thread-179.html;
/forums/topic/bbc-pid-download-single-or-multiple /forums/thread-249.html;
/forums/topic/bbc-proms-2013-season-prom-29 /forums/thread-21.html;
/forums/topic/bbc-streaming /forums/thread-417.html;
/forums/topic/bbc-very-very-slow /forums/thread-346.html;
/forums/topic/bbc-world-service-issue /forums/thread-367.html;
/forums/topic/best-radio-quality-48-kbps /forums/thread-241.html;
/forums/topic/blank-thumbnails-from-bbc /forums/thread-139.html;
/forums/topic/bookmark-a-search /forums/thread-41.html;
/forums/topic/bug-in-xml-output /forums/thread-220.html;
/forums/topic/can-download-radio-programme-but-not-tv /forums/thread-91.html;
/forums/topic/can-i-record-from-the-web-streams-for-the-commonwealth-games /forums/thread-184.html;
/forums/topic/can-only-get-radio-in-wma-format /forums/thread-147.html;
/forums/topic/cannot-change-output-folder-since-2-87-update /forums/thread-263.html;
/forums/topic/cannot-download /forums/thread-31.html;
/forums/topic/cannot-download-by-any-method /forums/thread-309.html;
/forums/topic/cannot-download-embedded-clip /forums/thread-77.html;
/forums/topic/cannot-download-ignoring-future-prog-top-gear-charlie-brooker /forums/thread-342.html;
/forums/topic/cannot-download-script-stops-with-error-message /forums/thread-419.html;
/forums/topic/cannot-find-a-new-episode /forums/thread-440.html;
/forums/topic/cannot-install-v2-9 /forums/thread-299.html;
/forums/topic/cannot-open-setup-file /forums/thread-3.html;
/forums/topic/cannot-see-mapped-nas-drive-since-2-90-update /forums/thread-266.html;
/forums/topic/cannot-stream-or-download-in-v2-91 /forums/thread-313.html;
/forums/topic/cannot-upgrade-to-new-version /forums/thread-426.html;
/forums/topic/cant-connect /forums/thread-23.html;
/forums/topic/cant-dowlnoad-anything-at-all /forums/thread-424.html;
/forums/topic/cant-download-anything /forums/thread-282.html;
/forums/topic/cant-download-embedded-radio-clip /forums/thread-37.html;
/forums/topic/cant-download-even-using-pid /forums/thread-382.html;
/forums/topic/cant-download-pompidou-b05qqps5 /forums/thread-385.html;
/forums/topic/cant-download-specific-programmes /forums/thread-358.html;
/forums/topic/cant-find-the-way-to-download-1864 /forums/thread-395.html;
/forums/topic/cant-get-programmes-available-on-iplayer /forums/thread-210.html;
/forums/topic/cant-get-started-with-v2-90-install /forums/thread-294.html;
/forums/topic/changes-in-bbc-iplayrer /forums/thread-403.html;
/forums/topic/changing-fileprefix /forums/thread-105.html;
/forums/topic/closest-thumbnail-size /forums/thread-26.html;
/forums/topic/cmd-window-works-web-pvr-does-not /forums/thread-280.html;
/forums/topic/command-exit-code-1-on-a-particular-pid /forums/thread-132.html;
/forums/topic/command-with-pvr /forums/thread-315.html;
/forums/topic/constant-rtmpdump-error /forums/thread-383.html;
/forums/topic/content-availability /forums/thread-2.html;
/forums/topic/correct-use-of-subdir-format /forums/thread-96.html;
/forums/topic/could-not-get-version-pid /forums/thread-128.html;
/forums/topic/define-a-temp-directory /forums/thread-262.html;
/forums/topic/deleting-cookies /forums/thread-7.html;
/forums/topic/did-get_iplayer-install-ffdshow /forums/thread-454.html;
/forums/topic/diffficulty-recording-live-tv /forums/thread-163.html;
/forums/topic/do-you-wish-to-delete-them-now /forums/thread-394.html;
/forums/topic/does-2-92-fix-this-recent-issue /forums/thread-381.html;
/forums/topic/does-streaminfo-still-persist /forums/thread-347.html;
/forums/topic/download-fails-no-modes /forums/thread-364.html;
/forums/topic/download-failure /forums/thread-25.html;
/forums/topic/download-glastonbury-2015-shows /forums/thread-455.html;
/forums/topic/download-higher-quality-when-available /forums/thread-175.html;
/forums/topic/download-no-longer-hd /forums/thread-372.html;
/forums/topic/download-of-get-iplayer-failed-sendrequest-error /forums/thread-370.html;
/forums/topic/download-of-peter-grimes-faila /forums/thread-407.html;
/forums/topic/download-problems-with-older-radio-episodes /forums/thread-135.html;
/forums/topic/download-radio-problems /forums/thread-308.html;
/forums/topic/download-speed /forums/thread-219.html;
/forums/topic/download-speed-2 /forums/thread-219.html;
/forums/topic/downloaded-file-names /forums/thread-71.html;
/forums/topic/downloaded-program-wont-play /forums/thread-189.html;
/forums/topic/downloading-bbc-archive-tv-show /forums/thread-449.html;
/forums/topic/downloading-embedded-videos-from-blogposts /forums/thread-350.html;
/forums/topic/downloading-multiple-pids /forums/thread-74.html;
/forums/topic/downloading-radio-via-pid-seems-slow /forums/thread-238.html;
/forums/topic/downloading-using-multiple-pids /forums/thread-234.html;
/forums/topic/downloads-from-bbc-radio-nan-gaidheal-and-radio-ulster-have-failed /forums/thread-276.html;
/forums/topic/downloads-now-all-mp3-flv-suddenly /forums/thread-85.html;
/forums/topic/download_history-gets-deleted /forums/thread-101.html;
/forums/topic/dry-run-command /forums/thread-29.html;
/forums/topic/editing-download-history /forums/thread-443.html;
/forums/topic/email-output-of-cronjobs /forums/thread-185.html;
/forums/topic/embedded-video-download /forums/thread-12.html;
/forums/topic/encoding-issues /forums/thread-321.html;
/forums/topic/episode-not-in-cache-again-sorry /forums/thread-205.html;
/forums/topic/error /forums/thread-10.html;
/forums/topic/error-2 /forums/thread-10.html;
/forums/topic/error-256 /forums/thread-123.html;
/forums/topic/error-closing-connection-netstream-failed /forums/thread-345.html;
/forums/topic/error-failed-to-get-version-pid-metadata-from-iplayer-site /forums/thread-32.html;
/forums/topic/error-failed-to-get-version-pid-metadata-from-iplayer-site-2 /forums/thread-32.html;
/forums/topic/error-failed-to-get-version-pid-metadata-from-iplayer-site-3 /forums/thread-32.html;
/forums/topic/error-failed-to-record /forums/thread-49.html;
/forums/topic/error-failed-to-record-2 /forums/thread-158.html;
/forums/topic/error-failed-to-record-info-no-specified-modes /forums/thread-34.html;
/forums/topic/error-message-failed-download /forums/thread-6.html;
/forums/topic/error-rtmp_connect0-failed-to-connect-socket-10060-unknown-error /forums/thread-54.html;
/forums/topic/error-rtmp_readpacket-failed-to-read-rtmp-packet-body /forums/thread-129.html;
/forums/topic/exclude-titles-from-pvr /forums/thread-13.html;
/forums/topic/excludeinclude-channels-on-refresh /forums/thread-5.html;
/forums/topic/exportimport-search-list /forums/thread-418.html;
/forums/topic/failed-to-read-program-indexes /forums/thread-44.html;
/forums/topic/failed-to-record-and-no-index-feed /forums/thread-436.html;
/forums/topic/failed-to-record-default-version /forums/thread-154.html;
/forums/topic/failing-to-get-programme-indices /forums/thread-409.html;
/forums/topic/feature-request-load-from-file-or-url /forums/thread-216.html;
/forums/topic/ffmpeg-background-mode /forums/thread-374.html;
/forums/topic/file-playing-at-double-speed-with-no-sound /forums/thread-19.html;
/forums/topic/firewall-settings /forums/thread-450.html;
/forums/topic/flv-downloads-not-being-converted-to-mp4m4a /forums/thread-170.html;
/forums/topic/flvstreamer-does-not-support-swf-verification /forums/thread-186.html;
/forums/topic/formula-1-downloading /forums/thread-376.html;
/forums/topic/frequent-partial-downloads /forums/thread-448.html;
/forums/topic/get-iplayer-bbc-archive /forums/thread-130.html;
/forums/topic/get-iplayer-error /forums/thread-17.html;
/forums/topic/get-iplayer-info-without-header-lines /forums/thread-51.html;
/forums/topic/get-iplayer-no-longer-works-outside-uk /forums/thread-366.html;
/forums/topic/get-iplayer-really-slow /forums/thread-160.html;
/forums/topic/get-other-terrestrial-channels-subtitling-pvr /forums/thread-121.html;
/forums/topic/getpap-rough-batch /forums/thread-428.html;
/forums/topic/getting-unwanted-programme-in-downloads /forums/thread-137.html;
/forums/topic/get_iplayer-2-85-error-recording-using-pvr-manager /forums/thread-114.html;
/forums/topic/get_iplayer-2-87-released-with-workarounds-for-iplayer-changes /forums/thread-221.html;
/forums/topic/get_iplayer-2-91-released /forums/thread-311.html;
/forums/topic/get_iplayer-2-92-released /forums/thread-378.html;
/forums/topic/get_iplayer-2-93-released /forums/thread-420.html;
/forums/topic/get_iplayer-2-94-released /forums/thread-421.html;
/forums/topic/get_iplayer-2-94-unable-to-get-a-radio-programme-by-pid /forums/thread-422.html;
/forums/topic/get_iplayer-and-web-pvr-running-at-startupboot-vm-in-virtualbox /forums/thread-145.html;
/forums/topic/get_iplayer-cache-files /forums/thread-252.html;
/forums/topic/get_iplayer-cannot-search-programmes-older-than-7-days /forums/thread-218.html;
/forums/topic/get_iplayer-cant-find-ten-pieces /forums/thread-217.html;
/forums/topic/get_iplayer-cgi-cmd-is-not-recognized /forums/thread-165.html;
/forums/topic/get_iplayer-changes-hammering-the-bbc-servers /forums/thread-278.html;
/forums/topic/get_iplayer-commands /forums/thread-22.html;
/forums/topic/get_iplayer-does-not-download-files /forums/thread-125.html;
/forums/topic/get_iplayer-folder-doesnt-show-up-under-start-menu-win7 /forums/thread-190.html;
/forums/topic/get_iplayer-on-android /forums/thread-337.html;
/forums/topic/get_iplayer-search-and-pvr-functions-no-longer-work-no-fix-available /forums/thread-233.html;
/forums/topic/get_iplayer-setup-latest-download /forums/thread-229.html;
/forums/topic/get_iplayer-v2-84-released /forums/thread-50.html;
/forums/topic/get_iplayer-v2-90-released-fixes-workarounds-recent-bbc-changes /forums/thread-259.html;
/forums/topic/get_iplayer-wont-download-at-all /forums/thread-317.html;
/forums/topic/get_iplayer-wont-run /forums/thread-214.html;
/forums/topic/get_iplayer-worked-fine-for-first-day-now-got-problems-with-rtmp /forums/thread-349.html;
/forums/topic/git-head-updates /forums/thread-373.html;
/forums/topic/great-fire-missing-ep-4 /forums/thread-284.html;
/forums/topic/guide-getting-get_iplayer-to-work-in-chrome /forums/thread-152.html;
/forums/topic/handful-of-available-episodes-wont-download /forums/thread-328.html;
/forums/topic/has-the-bbc-changed-something-cant-get-any-video-to-download-on-either-os /forums/thread-155.html;
/forums/topic/hd-programs-fail-to-download /forums/thread-363.html;
/forums/topic/hds-now-appears-to-be-default-on-iplayer /forums/thread-456.html;
/forums/topic/help-get_iplayer-cant-find-show-i-want-to-download /forums/thread-172.html;
/forums/topic/hls-download-options /forums/thread-447.html;
/forums/topic/how-can-i-chnage-the-application-link /forums/thread-397.html;
/forums/topic/how-do-i-download-multiple-or-series-programs-automatically-with-pids /forums/thread-261.html;
/forums/topic/how-i-managed-to-get-my-iplayer-downloads-back /forums/thread-304.html;
/forums/topic/how-to-find-films-without-categories /forums/thread-431.html;
/forums/topic/how-to-get-the-size-of-a-file /forums/thread-359.html;
/forums/topic/how-to-output-to-a-nas /forums/thread-111.html;
/forums/topic/how-to-record-live-streams-using-pid-only /forums/thread-166.html;
/forums/topic/how-why-do-you-use-get_iplayer /forums/thread-260.html;
/forums/topic/httplocalhost1935-not-working /forums/thread-291.html;
/forums/topic/i-wish-to-thank-you-for-this-forum /forums/thread-46.html;
/forums/topic/ignore-clips-when-using-pid-recursive /forums/thread-243.html;
/forums/topic/imdb-search /forums/thread-99.html;
/forums/topic/in-xp-programme-suddenly-cant-find-pvr_manage-url /forums/thread-196.html;
/forums/topic/incomplete-downloads-at-random /forums/thread-343.html;
/forums/topic/info-no-specified-modes /forums/thread-136.html;
/forums/topic/install-error-v-2-85 /forums/thread-106.html;
/forums/topic/installation-help-required-please /forums/thread-318.html;
/forums/topic/installation-just-leaves-me-in-dos /forums/thread-53.html;
/forums/topic/installer-integrity-checked-has-failed /forums/thread-15.html;
/forums/topic/installing-on-winows-os-phone /forums/thread-148.html;
/forums/topic/integration-into-tretflix /forums/thread-164.html;
/forums/topic/invalid-hls-playlist /forums/thread-379.html;
/forums/topic/iplayer-fails-error-in-line-2099 /forums/thread-413.html;
/forums/topic/iplayer-radio-not-finding-new-shows /forums/thread-78.html;
/forums/topic/iplayer-search /forums/thread-191.html;
/forums/topic/is-able-to-catch-subtitles-from-channel-4d-and-hulu-jp-from-japon /forums/thread-66.html;
/forums/topic/is-iplayer-down-again-search-comes-up-blank /forums/thread-192.html;
/forums/topic/is-it-possible-to-record-two-live-streams-at-same-time /forums/thread-167.html;
/forums/topic/is-livestreaming-broken /forums/thread-248.html;
/forums/topic/issue-157-open-version /forums/thread-406.html;
/forums/topic/issue-with-bbc-radio-streams /forums/thread-301.html;
/forums/topic/itunes-films-vs-tv-programmes /forums/thread-36.html;
/forums/topic/itv-fails-to-download /forums/thread-201.html;
/forums/topic/itv-hash-ref-error /forums/thread-97.html;
/forums/topic/itv-player-download /forums/thread-199.html;
/forums/topic/just-wanted-to-say-thank-you /forums/thread-269.html;
/forums/topic/keeps-crashing-on-opening /forums/thread-134.html;
/forums/topic/latest-installer-cannot-install-atomicparsley /forums/thread-157.html;
/forums/topic/live-stream-problems /forums/thread-95.html;
/forums/topic/live-streaming /forums/thread-39.html;
/forums/topic/liveradio-not-working /forums/thread-329.html;
/forums/topic/lower-quality-thumbnail-image-in-latest-gh-update /forums/thread-307.html;
/forums/topic/manual-install-failing-what-am-i-doing-wrong /forums/thread-255.html;
/forums/topic/maximum-download-size-limit-and-transcoding-query /forums/thread-162.html;
/forums/topic/metadatafilename-problem-when-downloading-radio-via-pid /forums/thread-239.html;
/forums/topic/missing-episode-number /forums/thread-236.html;
/forums/topic/missing-episode-number-for-me-anyway /forums/thread-398.html;
/forums/topic/missing-programmes /forums/thread-141.html;
/forums/topic/missing-radio-thumbnails-since-2-87-update /forums/thread-228.html;
/forums/topic/move-data-from-cusersusername-get_iplayer /forums/thread-360.html;
/forums/topic/mp3-direct-downloads-bbc-radio /forums/thread-442.html;
/forums/topic/mp3s-cannot-be-played /forums/thread-208.html;
/forums/topic/mplayer-file-not-found-at-installation /forums/thread-93.html;
/forums/topic/mplayer-is-not-recognized /forums/thread-94.html;
/forums/topic/multiple-command-use /forums/thread-28.html;
/forums/topic/multiple-downloads /forums/thread-226.html;
/forums/topic/multiple-urls /forums/thread-75.html;
/forums/topic/need-help-please-after-recent-iplayer-changes /forums/thread-253.html;
/forums/topic/need-help-recording-a-program-please /forums/thread-72.html;
/forums/topic/need-help-with-bbc-learning-embeded-video /forums/thread-380.html;
/forums/topic/need-to-change-output-directory /forums/thread-18.html;
/forums/topic/new-30-day-availability-issue /forums/thread-213.html;
/forums/topic/new-os-x-10-9-installation-connection-timeout /forums/thread-83.html;
/forums/topic/new-user-terribly-confused /forums/thread-256.html;
/forums/topic/newest-installer-update-download-during-installing-problem /forums/thread-42.html;
/forums/topic/newslinks-no-longer-download-after-latest-update /forums/thread-244.html;
/forums/topic/no-category-for-future-radio-shows /forums/thread-65.html;
/forums/topic/no-longer-possible-to-record-live-tv /forums/thread-270.html;
/forums/topic/no-programmes-are-available /forums/thread-73.html;
/forums/topic/no-programmes-are-available-for-this-pid /forums/thread-35.html;
/forums/topic/no-programmes-since-22nd-august /forums/thread-33.html;
/forums/topic/no-shows-at-all-in-index-feed /forums/thread-231.html;
/forums/topic/no-specified-modes-available /forums/thread-327.html;
/forums/topic/no-specified-modes-error /forums/thread-310.html;
/forums/topic/no-specified-modes-error-message /forums/thread-365.html;
/forums/topic/no-specified-modes-issue /forums/thread-52.html;
/forums/topic/no-web-ui-panic /forums/thread-237.html;
/forums/topic/nortoninternetsecurity-and-2-91-install /forums/thread-316.html;
/forums/topic/not-a-scalar-reference-error-on-shark-episode-1 /forums/thread-412.html;
/forums/topic/not-downloading-into-sub-folders /forums/thread-297.html;
/forums/topic/obsolete-ffmpeg-support-broken-in-last-two-versions /forums/thread-441.html;
/forums/topic/odd-download /forums/thread-102.html;
/forums/topic/omit-id3v2-tags-from-mp3-files /forums/thread-207.html;
/forums/topic/only-audio-described-programmes-available /forums/thread-390.html;
/forums/topic/only-recorded-a-few-seconds /forums/thread-330.html;
/forums/topic/only-shows-cbbc-channel /forums/thread-176.html;
/forums/topic/osx-10-10-get-iplayer-1-8-5-bbc-not-recognised /forums/thread-444.html;
/forums/topic/output-command /forums/thread-138.html;
/forums/topic/output-renaming /forums/thread-14.html;
/forums/topic/parser-error /forums/thread-332.html;
/forums/topic/partial-recordings-or-failed-to-record /forums/thread-124.html;
/forums/topic/patch-for-2-94-remove-comments-in-media-headers /forums/thread-453.html;
/forums/topic/periodic-error /forums/thread-401.html;
/forums/topic/perl-exe-does-not-work-anymore /forums/thread-43.html;
/forums/topic/perl-exe-problem /forums/thread-30.html;
/forums/topic/pid-not-found-in-tv-cache /forums/thread-215.html;
/forums/topic/pid-weirdness-for-human-universe-ep-2 /forums/thread-275.html;
/forums/topic/pid-will-not-download /forums/thread-405.html;
/forums/topic/pidindex-found-but-no-available-download /forums/thread-314.html;
/forums/topic/please-help-need-mp3-and-higher-bitrate /forums/thread-27.html;
/forums/topic/podcast-downloads-too-large-since-2-86-upgrade /forums/thread-168.html;
/forums/topic/possibility-to-search-based-on-time-since-a-program-was-available /forums/thread-425.html;
/forums/topic/powershell-script-to-download-series /forums/thread-325.html;
/forums/topic/prevent-get_iplayer-window-from-accidental-closure /forums/thread-264.html;
/forums/topic/prevent-thumbnails-downloading /forums/thread-183.html;
/forums/topic/probelem-with-fields-option /forums/thread-122.html;
/forums/topic/problem-downloading-certain-programmes /forums/thread-206.html;
/forums/topic/problem-getting-episodes-after-7-days /forums/thread-247.html;
/forums/topic/problem-with-programmes-that-are-over-7-days-old /forums/thread-288.html;
/forums/topic/problems-running-cron-task /forums/thread-63.html;
/forums/topic/problems-using-pvr-recording-function /forums/thread-305.html;
/forums/topic/program-digit-identifier-problems /forums/thread-230.html;
/forums/topic/programme-plays-on-website-but-not-available-to-get_iplayer /forums/thread-161.html;
/forums/topic/programmes-missing-from-pvr-index /forums/thread-399.html;
/forums/topic/programmes-not-available-for-download /forums/thread-303.html;
/forums/topic/programs-not-in-index /forums/thread-116.html;
/forums/topic/programs-with-a-in-title /forums/thread-9.html;
/forums/topic/proxy-failed /forums/thread-408.html;
/forums/topic/purl-option-rather-than-using-pid /forums/thread-271.html;
/forums/topic/puzzle-about-scalar-reference-when-downloading /forums/thread-392.html;
/forums/topic/pvr-broken /forums/thread-423.html;
/forums/topic/pvr-cant-open-cache-file-no-program-found-on-command-interface /forums/thread-232.html;
/forums/topic/pvr-command-to-filter-out-repeats /forums/thread-351.html;
/forums/topic/pvr-for-radio-programs-no-longer-seem-to-download /forums/thread-212.html;
/forums/topic/pvr-hold-off-examples-and-usage /forums/thread-404.html;
/forums/topic/pvr-manager-vs-command-line /forums/thread-133.html;
/forums/topic/pvr-not-working-ubuntu /forums/thread-430.html;
/forums/topic/pvr-search /forums/thread-64.html;
/forums/topic/pvr-search-limit /forums/thread-107.html;
/forums/topic/pvr-via-web-manager-blank-screen-when-downloading /forums/thread-182.html;
/forums/topic/python-script-that-uses-ion-feed-to-refresh-tv-cache /forums/thread-254.html;
/forums/topic/queueing-a-pid /forums/thread-268.html;
/forums/topic/radio-4-1842015-raft-of-the-medusa /forums/thread-389.html;
/forums/topic/radio-bitrates /forums/thread-4.html;
/forums/topic/radio-cache-only-list-last-episode /forums/thread-388.html;
/forums/topic/radio-download-problems /forums/thread-82.html;
/forums/topic/radio-failed-to-get-pid-version /forums/thread-445.html;
/forums/topic/radio-mode-sample-rates /forums/thread-336.html;
/forums/topic/radio-program-missing-in-search /forums/thread-86.html;
/forums/topic/radio-program-not-showing /forums/thread-323.html;
/forums/topic/radio-what-is-lavf54-29-104 /forums/thread-279.html;
/forums/topic/random-incomplete-downloads /forums/thread-344.html;
/forums/topic/raspbian-the-following-signatures-were-invalid-during-apt-get-update /forums/thread-153.html;
/forums/topic/re-bbc-blows-up-listing-feeds /forums/thread-415.html;
/forums/topic/re-downloading-failed-items /forums/thread-140.html;
/forums/topic/record-live-radio-error /forums/thread-98.html;
/forums/topic/record-more-than-most-recent-show /forums/thread-290.html;
/forums/topic/record-tv-as-audio-only /forums/thread-368.html;
/forums/topic/recording /forums/thread-142.html;
/forums/topic/recording-futurepast-series /forums/thread-76.html;
/forums/topic/recording-incomplete-command-line-output-using-force /forums/thread-224.html;
/forums/topic/recording-of-live-stream-freezes-and-skips /forums/thread-340.html;
/forums/topic/red-buton /forums/thread-150.html;
/forums/topic/regular-expressions-pvr-using-web-interface /forums/thread-45.html;
/forums/topic/reinstalled-and-now-not-working-tv-radio /forums/thread-84.html;
/forums/topic/remove-copyright-notice-display /forums/thread-88.html;
/forums/topic/removing-metadata /forums/thread-143.html;
/forums/topic/resuming-broken /forums/thread-79.html;
/forums/topic/rtmp-server-sent-error /forums/thread-113.html;
/forums/topic/rtmpdump-hanging /forums/thread-169.html;
/forums/topic/rtmpdump-stops-downloading-at-70-80 /forums/thread-339.html;
/forums/topic/rtmpdump-swfurl-error /forums/thread-209.html;
/forums/topic/rtmpdump-wont-run-on-windows-7-64-bit /forums/thread-187.html;
/forums/topic/rtmp_readpacket-failed-to-read-rtmp-packet-header /forums/thread-223.html;
/forums/topic/run-pvr-not-actually-running-anything /forums/thread-40.html;
/forums/topic/run-pvr-not-working /forums/thread-400.html;
/forums/topic/save-downloads-as-mpeg2 /forums/thread-277.html;
/forums/topic/saved-mp4-files-cant-be-played-on-chromecast /forums/thread-257.html;
/forums/topic/saving-to-dir /forums/thread-335.html;
/forums/topic/screen-scraper-example /forums/thread-240.html;
/forums/topic/search-puzzlement /forums/thread-112.html;
/forums/topic/searching-for-downloading-older-radio-programmes /forums/thread-181.html;
/forums/topic/searching-for-programmes-which-only-contain-numbers /forums/thread-104.html;
/forums/topic/searching-working-on-windows-but-not-linux /forums/thread-331.html;
/forums/topic/server-or-local /forums/thread-433.html;
/forums/topic/setting-options-does-not-appear-to-be-picked-up-by-get_iplayer-subdir-format /forums/thread-127.html;
/forums/topic/setting-up-a-pvr-for-bbc-parliament /forums/thread-204.html;
/forums/topic/should-we-avoid-using-the-web-pvr /forums/thread-334.html;
/forums/topic/silent-witness-series-18-episode-numbers /forums/thread-326.html;
/forums/topic/simply-dont-work /forums/thread-193.html;
/forums/topic/simply-get-url-of-video /forums/thread-92.html;
/forums/topic/slow-down-and-file-name-change /forums/thread-146.html;
/forums/topic/small-videos-stuck /forums/thread-286.html;
/forums/topic/some-programmes-truncated /forums/thread-371.html;
/forums/topic/some-radio-programmes-wont-record /forums/thread-300.html;
/forums/topic/some-tv-programmes-suggesting-you-download-using-modesflashaacstd /forums/thread-273.html;
/forums/topic/specify-download-default /forums/thread-452.html;
/forums/topic/split-get_iplayer-not-working /forums/thread-298.html;
/forums/topic/split-get_iplayer-wont-download-at-all /forums/thread-319.html;
/forums/topic/split-how-do-i-patch-rtmpdump /forums/thread-312.html;
/forums/topic/split-trouble-updating-to-git-head /forums/thread-306.html;
/forums/topic/stack-smashing-detected /forums/thread-451.html;
/forums/topic/stereo-to-mono /forums/thread-375.html;
/forums/topic/still-recording-the-old-school-way /forums/thread-272.html;
/forums/topic/stopping-the-download /forums/thread-200.html;
/forums/topic/stream-error-can-lead-to-an-rtmp-crash /forums/thread-100.html;
/forums/topic/stream-fails-to-play-any-idea-what-could-be-happening /forums/thread-174.html;
/forums/topic/streaming-bbc-one-wales-live-with-get_iplayer /forums/thread-391.html;
/forums/topic/subtitles /forums/thread-47.html;
/forums/topic/subtitles-strange-issue /forums/thread-48.html;
/forums/topic/tagging-m4a-files /forums/thread-144.html;
/forums/topic/terminating-pvr-cleanly /forums/thread-361.html;
/forums/topic/test-topic /forums/thread-11.html;
/forums/topic/test-topic-2 /forums/thread-202.html;
/forums/topic/test-topic-please-ignore-email-delivery-rule-failure /forums/thread-295.html;
/forums/topic/thank-you /forums/thread-411.html;
/forums/topic/thanks-to-all /forums/thread-245.html;
/forums/topic/thanks-to-the-get_iplayer-team-respect /forums/thread-353.html;
/forums/topic/the-bbc-has-blown-up-live-tv-streaming-no-workaround /forums/thread-416.html;
/forums/topic/the-bbc-has-blown-up-tv-listing-feeds-here-is-the-workaround /forums/thread-410.html;
/forums/topic/the-wonderful-get_iplayer /forums/thread-357.html;
/forums/topic/thumbnail-failure /forums/thread-225.html;
/forums/topic/thumbnail-not-added-to-radio-wales-show /forums/thread-151.html;
/forums/topic/thumbnails-incorrectly-resized /forums/thread-296.html;
/forums/topic/timestamp-warnings /forums/thread-289.html;
/forums/topic/top-of-the-pops /forums/thread-285.html;
/forums/topic/transferring-get_iplayer /forums/thread-387.html;
/forums/topic/trouble-deciding-which-version-to-use-as-default /forums/thread-386.html;
/forums/topic/trouble-downloading-octonauts-s01e02-in-hd /forums/thread-338.html;
/forums/topic/trouble-getting-bbc-radio-programmes /forums/thread-16.html;
/forums/topic/trouble-recording-with-web-pvr-manager-windows /forums/thread-402.html;
/forums/topic/trying-to-increase-volume /forums/thread-115.html;
/forums/topic/tv-and-radio-in-different-directories /forums/thread-118.html;
/forums/topic/ubuntu-14-04-radio-over-7-days-wont-download /forums/thread-414.html;
/forums/topic/unable-to-download-bbc-radio-plays /forums/thread-197.html;
/forums/topic/unable-to-download-certain-tv-programmes /forums/thread-156.html;
/forums/topic/unable-to-download-large-video-files-from-iplayer /forums/thread-188.html;
/forums/topic/unable-to-download-program-since-tuesday /forums/thread-293.html;
/forums/topic/unable-to-download-strictly-cd /forums/thread-283.html;
/forums/topic/unable-to-get-an-item-under-linux-ok-in-windows /forums/thread-119.html;
/forums/topic/unable-to-install /forums/thread-8.html;
/forums/topic/unable-to-install-get_iplayer /forums/thread-24.html;
/forums/topic/unable-to-install-latest-2-90-in-windows-8 /forums/thread-274.html;
/forums/topic/unable-to-record-radio-and-audiodescribed-tv /forums/thread-178.html;
/forums/topic/unable-to-record-tv-with-flashlow-quality /forums/thread-341.html;
/forums/topic/unwanted-audiodescribed-programs /forums/thread-355.html;
/forums/topic/urgent-help /forums/thread-432.html;
/forums/topic/urgent-help-plse /forums/thread-80.html;
/forums/topic/use-force-to-override /forums/thread-110.html;
/forums/topic/userscript-to-complement-get_iplayer /forums/thread-235.html;
/forums/topic/using-a-windows-thin-client-for-get_iplayer /forums/thread-362.html;
/forums/topic/using-ffmpeg-on-old-downloads /forums/thread-126.html;
/forums/topic/using-growl-for-windows-with-get_iplayer /forums/thread-120.html;
/forums/topic/using-pvr-for-welsh-shows /forums/thread-302.html;
/forums/topic/using-start-and-stop-options /forums/thread-251.html;
/forums/topic/using-the-bbc-api /forums/thread-356.html;
/forums/topic/using-the-pid-method-how-to-have-consecutive-downloads /forums/thread-258.html;
/forums/topic/utf-8-bug /forums/thread-211.html;
/forums/topic/v2-86-couldnt-open-cache-file /forums/thread-149.html;
/forums/topic/version-2-87-fails-to-even-start-up-issue-with-get_iplayer-pl-line-74 /forums/thread-222.html;
/forums/topic/virus-reported /forums/thread-320.html;
/forums/topic/warning-failed-to-get-programme-index-feed /forums/thread-159.html;
/forums/topic/warning-failed-to-get-programme-index-feed-for /forums/thread-287.html;
/forums/topic/warning-failed-to-get-programme-index-feed-for-2 /forums/thread-435.html;
/forums/topic/warning-the-default-programme-version-could-not-be-determined /forums/thread-446.html;
/forums/topic/web-proxy-url-not-used-during-pvr-run /forums/thread-117.html;
/forums/topic/web-pvr-bbc-work-around /forums/thread-437.html;
/forums/topic/web-pvr-cant-find-hd-versions /forums/thread-195.html;
/forums/topic/web-pvr-fails-with-cannot-fork-at-get_iplayer-cgi-line-328 /forums/thread-438.html;
/forums/topic/web-pvr-features /forums/thread-131.html;
/forums/topic/web-pvr-manager /forums/thread-87.html;
/forums/topic/web-pvr-manager-fails-to-fork-after-a-day-or-so /forums/thread-429.html;
/forums/topic/web-pvr-manager-hangs /forums/thread-173.html;
/forums/topic/web-pvr-managergip-crashes-every-24-hrs-or-so /forums/thread-20.html;
/forums/topic/web-pvr-unable-to-set-vlc-for-playback /forums/thread-352.html;
/forums/topic/webscraper-full-version /forums/thread-265.html;
/forums/topic/webscrapping-tvradio-cache /forums/thread-250.html;
/forums/topic/web_pvr-working-spot-on-but-command-line-pvr-acting-up /forums/thread-194.html;
/forums/topic/what-does-get_iplayer-initially-send-out /forums/thread-348.html;
/forums/topic/where-do-i-find-the-get_iplayer /forums/thread-1.html;
/forums/topic/widows-8-1-detailed-installation-guide /forums/thread-292.html;
/forums/topic/win-pvr-no-listings-at-all /forums/thread-108.html;
/forums/topic/windows-8-1-help /forums/thread-103.html;
/forums/topic/windows-install-question /forums/thread-90.html;
/forums/topic/writing-episode-numbers-for-eastenders /forums/thread-38.html;
/forums/topic/xmlsimple-error-only-when-running-via-crontab /forums/thread-434.html;

# TRAILING SLASHES

/why-margaret-thatcher-is-hated/ http://josharcher.uk/blog/why-margaret-thatcher-is-hated/;
/updates/ /categories/updates/;
/announcements/ /categories/announcements/;
/maintenance/ /categories/maintenance/;
/all-forums/ /forums/;
/sq-log-reg/ /forums/;
/topics/ /forums/portal.php;
/wiki/installation/debian6/ /wiki/debian6/;
/wiki/installation/githeadwin/ /wiki/githeadwin/;
/wiki/releasenotes/release293/ /wiki/release293/;
/wiki/releasenotes/release292/ /wiki/release292/;
/wiki/releasenotes/release291/ /wiki/release291/;
/wiki/releasenotes/release290/ /wiki/release290/;
/wiki/releasenotes/release289/ /wiki/release289/;
/wiki/releasenotes/release288/ /wiki/release288/;
/wiki/releasenotes/release287/ /wiki/release287/;
/wiki/releasenotes/release286/ /wiki/release286/;
/wiki/releasenotes/release285/ /wiki/release285/;
/wiki/releasenotes/release284/ /wiki/release284/;
/wiki/releasenotes/release283/ /wiki/release283/;
/wiki/installation/manual/ /wiki/manual/;
/wiki/installation/arch/ /wiki/arch/;
/wiki/installation/centos/ /wiki/centos/;
/wiki/installation/debian/ /wiki/debian/;
/wiki/installation/fedora/ /wiki/fedora/;
/wiki/installation/freebsd/ /wiki/freebsd/;
/wiki/installation/mageia/ /wiki/mageia/;
/wiki/installation/openbsd/ /wiki/openbsd/;
/wiki/installation/opensuse/ /wiki/opensuse/;
/wiki/installation/raspbian/ /wiki/raspbian/;
/wiki/installation/slackware/ /wiki/slackware/;
/wiki/installation/ubuntu/ /wiki/ubuntu/;
/wiki/installation/osxhomebrew/ /wiki/osxhomebrew/;
/wiki/installation/osxmacports/ /wiki/osxmacports/;
/wiki/installation/osxmanual/ /wiki/osxmanual/;
/wiki/installation/winsetup/ /wiki/winsetup/;
/wiki/installation/winmanual/ /wiki/winmanual/;
/wiki/installation/gipdev/ /wiki/gipdev/;
/wiki/installation/perlbrew/ /wiki/perlbrew/;
/get_iplayer-features/ /features/;
/forums/forum/feature-requests/ /forums/forum-7.html;
/forums/forum/general-topics/ /forums/forum-15.html;
/forums/forum/linux-forums/ /forums/forum-10.html;
/forums/forum/linux-forums/linux-unix-support/ /forums/forum-13.html;
/forums/forum/linux-forums/linux-unix-troubleshooting/ /forums/forum-14.html;
/forums/forum/linux-unix-support/ /forums/forum-13.html;
/forums/forum/linux-unix-troubleshooting/ /forums/forum-14.html;
/forums/forum/os-x-forums/ /forums/forum-9.html;
/forums/forum/os-x-forums/os-x-support/ /forums/forum-11.html;
/forums/forum/os-x-forums/os-x-troubleshooting/ /forums/forum-12.html;
/forums/forum/os-x-support/ /forums/forum-11.html;
/forums/forum/os-x-troubleshooting/ /forums/forum-12.html;
/forums/forum/test-forum-2/ /forums/forum-4.html;
/forums/forum/windows-forums/ /forums/forum-8.html;
/forums/forum/windows-forums/windows-support/ /forums/forum-5.html;
/forums/forum/windows-forums/windows-troubleshooting/ /forums/forum-6.html;
/forums/forum/windows-support/ /forums/forum-5.html;
/forums/forum/windows-troubleshooting/ /forums/forum-6.html;
/forums/topic/0-byte-filesize/ /forums/thread-109.html;
/forums/topic/10060-unknown-error-2/ /forums/thread-427.html;
/forums/topic/1711-schedules-unavailable/ /forums/thread-281.html;
/forums/topic/2-82-in-vista-finds-pid-but-download-fails/ /forums/thread-89.html;
/forums/topic/50fps-recordings/ /forums/thread-457.html;
/forums/topic/a-temporary-pvr/ /forums/thread-322.html;
/forums/topic/a-total-dimwit/ /forums/thread-267.html;
/forums/topic/aac-tracks-skipping-after-get_iplayer-upgrade/ /forums/thread-67.html;
/forums/topic/am-i-breaking-any-laws-by-using-get_iplayer/ /forums/thread-396.html;
/forums/topic/an-interface-to-the-pvr/ /forums/thread-203.html;
/forums/topic/another-breakage-on-the-way/ /forums/thread-333.html;
/forums/topic/anyone-seen-atlas-open-source-broadcast-data-provider/ /forums/thread-242.html;
/forums/topic/atomicparsley-exe-64-bit-problem/ /forums/thread-439.html;
/forums/topic/audio-clips/ /forums/thread-198.html;
/forums/topic/audio-description-recording-problems/ /forums/thread-81.html;
/forums/topic/automating-pid-collection-and-download/ /forums/thread-246.html;
/forums/topic/avconv-not-handling-896-x-504/ /forums/thread-171.html;
/forums/topic/avi/ /forums/thread-68.html;
/forums/topic/bad-day-to-install-get_iplayer/ /forums/thread-177.html;
/forums/topic/bbc-iplayer-issues-19th-20th-july-2014/ /forums/thread-180.html;
/forums/topic/bbc-kent-sean-rowley/ /forums/thread-369.html;
/forums/topic/bbc-listing-search-no-longer-working/ /forums/thread-179.html;
/forums/topic/bbc-pid-download-single-or-multiple/ /forums/thread-249.html;
/forums/topic/bbc-proms-2013-season-prom-29/ /forums/thread-21.html;
/forums/topic/bbc-streaming/ /forums/thread-417.html;
/forums/topic/bbc-very-very-slow/ /forums/thread-346.html;
/forums/topic/bbc-world-service-issue/ /forums/thread-367.html;
/forums/topic/best-radio-quality-48-kbps/ /forums/thread-241.html;
/forums/topic/blank-thumbnails-from-bbc/ /forums/thread-139.html;
/forums/topic/bookmark-a-search/ /forums/thread-41.html;
/forums/topic/bug-in-xml-output/ /forums/thread-220.html;
/forums/topic/can-download-radio-programme-but-not-tv/ /forums/thread-91.html;
/forums/topic/can-i-record-from-the-web-streams-for-the-commonwealth-games/ /forums/thread-184.html;
/forums/topic/can-only-get-radio-in-wma-format/ /forums/thread-147.html;
/forums/topic/cannot-change-output-folder-since-2-87-update/ /forums/thread-263.html;
/forums/topic/cannot-download/ /forums/thread-31.html;
/forums/topic/cannot-download-by-any-method/ /forums/thread-309.html;
/forums/topic/cannot-download-embedded-clip/ /forums/thread-77.html;
/forums/topic/cannot-download-ignoring-future-prog-top-gear-charlie-brooker/ /forums/thread-342.html;
/forums/topic/cannot-download-script-stops-with-error-message/ /forums/thread-419.html;
/forums/topic/cannot-find-a-new-episode/ /forums/thread-440.html;
/forums/topic/cannot-install-v2-9/ /forums/thread-299.html;
/forums/topic/cannot-open-setup-file/ /forums/thread-3.html;
/forums/topic/cannot-see-mapped-nas-drive-since-2-90-update/ /forums/thread-266.html;
/forums/topic/cannot-stream-or-download-in-v2-91/ /forums/thread-313.html;
/forums/topic/cannot-upgrade-to-new-version/ /forums/thread-426.html;
/forums/topic/cant-connect/ /forums/thread-23.html;
/forums/topic/cant-dowlnoad-anything-at-all/ /forums/thread-424.html;
/forums/topic/cant-download-anything/ /forums/thread-282.html;
/forums/topic/cant-download-embedded-radio-clip/ /forums/thread-37.html;
/forums/topic/cant-download-even-using-pid/ /forums/thread-382.html;
/forums/topic/cant-download-pompidou-b05qqps5/ /forums/thread-385.html;
/forums/topic/cant-download-specific-programmes/ /forums/thread-358.html;
/forums/topic/cant-find-the-way-to-download-1864/ /forums/thread-395.html;
/forums/topic/cant-get-programmes-available-on-iplayer/ /forums/thread-210.html;
/forums/topic/cant-get-started-with-v2-90-install/ /forums/thread-294.html;
/forums/topic/changes-in-bbc-iplayrer/ /forums/thread-403.html;
/forums/topic/changing-fileprefix/ /forums/thread-105.html;
/forums/topic/closest-thumbnail-size/ /forums/thread-26.html;
/forums/topic/cmd-window-works-web-pvr-does-not/ /forums/thread-280.html;
/forums/topic/command-exit-code-1-on-a-particular-pid/ /forums/thread-132.html;
/forums/topic/command-with-pvr/ /forums/thread-315.html;
/forums/topic/constant-rtmpdump-error/ /forums/thread-383.html;
/forums/topic/content-availability/ /forums/thread-2.html;
/forums/topic/correct-use-of-subdir-format/ /forums/thread-96.html;
/forums/topic/could-not-get-version-pid/ /forums/thread-128.html;
/forums/topic/define-a-temp-directory/ /forums/thread-262.html;
/forums/topic/deleting-cookies/ /forums/thread-7.html;
/forums/topic/did-get_iplayer-install-ffdshow/ /forums/thread-454.html;
/forums/topic/diffficulty-recording-live-tv/ /forums/thread-163.html;
/forums/topic/do-you-wish-to-delete-them-now/ /forums/thread-394.html;
/forums/topic/does-2-92-fix-this-recent-issue/ /forums/thread-381.html;
/forums/topic/does-streaminfo-still-persist/ /forums/thread-347.html;
/forums/topic/download-fails-no-modes/ /forums/thread-364.html;
/forums/topic/download-failure/ /forums/thread-25.html;
/forums/topic/download-glastonbury-2015-shows/ /forums/thread-455.html;
/forums/topic/download-higher-quality-when-available/ /forums/thread-175.html;
/forums/topic/download-no-longer-hd/ /forums/thread-372.html;
/forums/topic/download-of-get-iplayer-failed-sendrequest-error/ /forums/thread-370.html;
/forums/topic/download-of-peter-grimes-faila/ /forums/thread-407.html;
/forums/topic/download-problems-with-older-radio-episodes/ /forums/thread-135.html;
/forums/topic/download-radio-problems/ /forums/thread-308.html;
/forums/topic/download-speed/ /forums/thread-219.html;
/forums/topic/download-speed-2/ /forums/thread-219.html;
/forums/topic/downloaded-file-names/ /forums/thread-71.html;
/forums/topic/downloaded-program-wont-play/ /forums/thread-189.html;
/forums/topic/downloading-bbc-archive-tv-show/ /forums/thread-449.html;
/forums/topic/downloading-embedded-videos-from-blogposts/ /forums/thread-350.html;
/forums/topic/downloading-multiple-pids/ /forums/thread-74.html;
/forums/topic/downloading-radio-via-pid-seems-slow/ /forums/thread-238.html;
/forums/topic/downloading-using-multiple-pids/ /forums/thread-234.html;
/forums/topic/downloads-from-bbc-radio-nan-gaidheal-and-radio-ulster-have-failed/ /forums/thread-276.html;
/forums/topic/downloads-now-all-mp3-flv-suddenly/ /forums/thread-85.html;
/forums/topic/download_history-gets-deleted/ /forums/thread-101.html;
/forums/topic/dry-run-command/ /forums/thread-29.html;
/forums/topic/editing-download-history/ /forums/thread-443.html;
/forums/topic/email-output-of-cronjobs/ /forums/thread-185.html;
/forums/topic/embedded-video-download/ /forums/thread-12.html;
/forums/topic/encoding-issues/ /forums/thread-321.html;
/forums/topic/episode-not-in-cache-again-sorry/ /forums/thread-205.html;
/forums/topic/error/ /forums/thread-10.html;
/forums/topic/error-2/ /forums/thread-10.html;
/forums/topic/error-256/ /forums/thread-123.html;
/forums/topic/error-closing-connection-netstream-failed/ /forums/thread-345.html;
/forums/topic/error-failed-to-get-version-pid-metadata-from-iplayer-site/ /forums/thread-32.html;
/forums/topic/error-failed-to-get-version-pid-metadata-from-iplayer-site-2/ /forums/thread-32.html;
/forums/topic/error-failed-to-get-version-pid-metadata-from-iplayer-site-3/ /forums/thread-32.html;
/forums/topic/error-failed-to-record/ /forums/thread-49.html;
/forums/topic/error-failed-to-record-2/ /forums/thread-158.html;
/forums/topic/error-failed-to-record-info-no-specified-modes/ /forums/thread-34.html;
/forums/topic/error-message-failed-download/ /forums/thread-6.html;
/forums/topic/error-rtmp_connect0-failed-to-connect-socket-10060-unknown-error/ /forums/thread-54.html;
/forums/topic/error-rtmp_readpacket-failed-to-read-rtmp-packet-body/ /forums/thread-129.html;
/forums/topic/exclude-titles-from-pvr/ /forums/thread-13.html;
/forums/topic/excludeinclude-channels-on-refresh/ /forums/thread-5.html;
/forums/topic/exportimport-search-list/ /forums/thread-418.html;
/forums/topic/failed-to-read-program-indexes/ /forums/thread-44.html;
/forums/topic/failed-to-record-and-no-index-feed/ /forums/thread-436.html;
/forums/topic/failed-to-record-default-version/ /forums/thread-154.html;
/forums/topic/failing-to-get-programme-indices/ /forums/thread-409.html;
/forums/topic/feature-request-load-from-file-or-url/ /forums/thread-216.html;
/forums/topic/ffmpeg-background-mode/ /forums/thread-374.html;
/forums/topic/file-playing-at-double-speed-with-no-sound/ /forums/thread-19.html;
/forums/topic/firewall-settings/ /forums/thread-450.html;
/forums/topic/flv-downloads-not-being-converted-to-mp4m4a/ /forums/thread-170.html;
/forums/topic/flvstreamer-does-not-support-swf-verification/ /forums/thread-186.html;
/forums/topic/formula-1-downloading/ /forums/thread-376.html;
/forums/topic/frequent-partial-downloads/ /forums/thread-448.html;
/forums/topic/get-iplayer-bbc-archive/ /forums/thread-130.html;
/forums/topic/get-iplayer-error/ /forums/thread-17.html;
/forums/topic/get-iplayer-info-without-header-lines/ /forums/thread-51.html;
/forums/topic/get-iplayer-no-longer-works-outside-uk/ /forums/thread-366.html;
/forums/topic/get-iplayer-really-slow/ /forums/thread-160.html;
/forums/topic/get-other-terrestrial-channels-subtitling-pvr/ /forums/thread-121.html;
/forums/topic/getpap-rough-batch/ /forums/thread-428.html;
/forums/topic/getting-unwanted-programme-in-downloads/ /forums/thread-137.html;
/forums/topic/get_iplayer-2-85-error-recording-using-pvr-manager/ /forums/thread-114.html;
/forums/topic/get_iplayer-2-87-released-with-workarounds-for-iplayer-changes/ /forums/thread-221.html;
/forums/topic/get_iplayer-2-91-released/ /forums/thread-311.html;
/forums/topic/get_iplayer-2-92-released/ /forums/thread-378.html;
/forums/topic/get_iplayer-2-93-released/ /forums/thread-420.html;
/forums/topic/get_iplayer-2-94-released/ /forums/thread-421.html;
/forums/topic/get_iplayer-2-94-unable-to-get-a-radio-programme-by-pid/ /forums/thread-422.html;
/forums/topic/get_iplayer-and-web-pvr-running-at-startupboot-vm-in-virtualbox/ /forums/thread-145.html;
/forums/topic/get_iplayer-cache-files/ /forums/thread-252.html;
/forums/topic/get_iplayer-cannot-search-programmes-older-than-7-days/ /forums/thread-218.html;
/forums/topic/get_iplayer-cant-find-ten-pieces/ /forums/thread-217.html;
/forums/topic/get_iplayer-cgi-cmd-is-not-recognized/ /forums/thread-165.html;
/forums/topic/get_iplayer-changes-hammering-the-bbc-servers/ /forums/thread-278.html;
/forums/topic/get_iplayer-commands/ /forums/thread-22.html;
/forums/topic/get_iplayer-does-not-download-files/ /forums/thread-125.html;
/forums/topic/get_iplayer-folder-doesnt-show-up-under-start-menu-win7/ /forums/thread-190.html;
/forums/topic/get_iplayer-on-android/ /forums/thread-337.html;
/forums/topic/get_iplayer-search-and-pvr-functions-no-longer-work-no-fix-available/ /forums/thread-233.html;
/forums/topic/get_iplayer-setup-latest-download/ /forums/thread-229.html;
/forums/topic/get_iplayer-v2-84-released/ /forums/thread-50.html;
/forums/topic/get_iplayer-v2-90-released-fixes-workarounds-recent-bbc-changes/ /forums/thread-259.html;
/forums/topic/get_iplayer-wont-download-at-all/ /forums/thread-317.html;
/forums/topic/get_iplayer-wont-run/ /forums/thread-214.html;
/forums/topic/get_iplayer-worked-fine-for-first-day-now-got-problems-with-rtmp/ /forums/thread-349.html;
/forums/topic/git-head-updates/ /forums/thread-373.html;
/forums/topic/great-fire-missing-ep-4/ /forums/thread-284.html;
/forums/topic/guide-getting-get_iplayer-to-work-in-chrome/ /forums/thread-152.html;
/forums/topic/handful-of-available-episodes-wont-download/ /forums/thread-328.html;
/forums/topic/has-the-bbc-changed-something-cant-get-any-video-to-download-on-either-os/ /forums/thread-155.html;
/forums/topic/hd-programs-fail-to-download/ /forums/thread-363.html;
/forums/topic/hds-now-appears-to-be-default-on-iplayer/ /forums/thread-456.html;
/forums/topic/help-get_iplayer-cant-find-show-i-want-to-download/ /forums/thread-172.html;
/forums/topic/hls-download-options/ /forums/thread-447.html;
/forums/topic/how-can-i-chnage-the-application-link/ /forums/thread-397.html;
/forums/topic/how-do-i-download-multiple-or-series-programs-automatically-with-pids/ /forums/thread-261.html;
/forums/topic/how-i-managed-to-get-my-iplayer-downloads-back/ /forums/thread-304.html;
/forums/topic/how-to-find-films-without-categories/ /forums/thread-431.html;
/forums/topic/how-to-get-the-size-of-a-file/ /forums/thread-359.html;
/forums/topic/how-to-output-to-a-nas/ /forums/thread-111.html;
/forums/topic/how-to-record-live-streams-using-pid-only/ /forums/thread-166.html;
/forums/topic/how-why-do-you-use-get_iplayer/ /forums/thread-260.html;
/forums/topic/httplocalhost1935-not-working/ /forums/thread-291.html;
/forums/topic/i-wish-to-thank-you-for-this-forum/ /forums/thread-46.html;
/forums/topic/ignore-clips-when-using-pid-recursive/ /forums/thread-243.html;
/forums/topic/imdb-search/ /forums/thread-99.html;
/forums/topic/in-xp-programme-suddenly-cant-find-pvr_manage-url/ /forums/thread-196.html;
/forums/topic/incomplete-downloads-at-random/ /forums/thread-343.html;
/forums/topic/info-no-specified-modes/ /forums/thread-136.html;
/forums/topic/install-error-v-2-85/ /forums/thread-106.html;
/forums/topic/installation-help-required-please/ /forums/thread-318.html;
/forums/topic/installation-just-leaves-me-in-dos/ /forums/thread-53.html;
/forums/topic/installer-integrity-checked-has-failed/ /forums/thread-15.html;
/forums/topic/installing-on-winows-os-phone/ /forums/thread-148.html;
/forums/topic/integration-into-tretflix/ /forums/thread-164.html;
/forums/topic/invalid-hls-playlist/ /forums/thread-379.html;
/forums/topic/iplayer-fails-error-in-line-2099/ /forums/thread-413.html;
/forums/topic/iplayer-radio-not-finding-new-shows/ /forums/thread-78.html;
/forums/topic/iplayer-search/ /forums/thread-191.html;
/forums/topic/is-able-to-catch-subtitles-from-channel-4d-and-hulu-jp-from-japon/ /forums/thread-66.html;
/forums/topic/is-iplayer-down-again-search-comes-up-blank/ /forums/thread-192.html;
/forums/topic/is-it-possible-to-record-two-live-streams-at-same-time/ /forums/thread-167.html;
/forums/topic/is-livestreaming-broken/ /forums/thread-248.html;
/forums/topic/issue-157-open-version/ /forums/thread-406.html;
/forums/topic/issue-with-bbc-radio-streams/ /forums/thread-301.html;
/forums/topic/itunes-films-vs-tv-programmes/ /forums/thread-36.html;
/forums/topic/itv-fails-to-download/ /forums/thread-201.html;
/forums/topic/itv-hash-ref-error/ /forums/thread-97.html;
/forums/topic/itv-player-download/ /forums/thread-199.html;
/forums/topic/just-wanted-to-say-thank-you/ /forums/thread-269.html;
/forums/topic/keeps-crashing-on-opening/ /forums/thread-134.html;
/forums/topic/latest-installer-cannot-install-atomicparsley/ /forums/thread-157.html;
/forums/topic/live-stream-problems/ /forums/thread-95.html;
/forums/topic/live-streaming/ /forums/thread-39.html;
/forums/topic/liveradio-not-working/ /forums/thread-329.html;
/forums/topic/lower-quality-thumbnail-image-in-latest-gh-update/ /forums/thread-307.html;
/forums/topic/manual-install-failing-what-am-i-doing-wrong/ /forums/thread-255.html;
/forums/topic/maximum-download-size-limit-and-transcoding-query/ /forums/thread-162.html;
/forums/topic/metadatafilename-problem-when-downloading-radio-via-pid/ /forums/thread-239.html;
/forums/topic/missing-episode-number/ /forums/thread-236.html;
/forums/topic/missing-episode-number-for-me-anyway/ /forums/thread-398.html;
/forums/topic/missing-programmes/ /forums/thread-141.html;
/forums/topic/missing-radio-thumbnails-since-2-87-update/ /forums/thread-228.html;
/forums/topic/move-data-from-cusersusername-get_iplayer/ /forums/thread-360.html;
/forums/topic/mp3-direct-downloads-bbc-radio/ /forums/thread-442.html;
/forums/topic/mp3s-cannot-be-played/ /forums/thread-208.html;
/forums/topic/mplayer-file-not-found-at-installation/ /forums/thread-93.html;
/forums/topic/mplayer-is-not-recognized/ /forums/thread-94.html;
/forums/topic/multiple-command-use/ /forums/thread-28.html;
/forums/topic/multiple-downloads/ /forums/thread-226.html;
/forums/topic/multiple-urls/ /forums/thread-75.html;
/forums/topic/need-help-please-after-recent-iplayer-changes/ /forums/thread-253.html;
/forums/topic/need-help-recording-a-program-please/ /forums/thread-72.html;
/forums/topic/need-help-with-bbc-learning-embeded-video/ /forums/thread-380.html;
/forums/topic/need-to-change-output-directory/ /forums/thread-18.html;
/forums/topic/new-30-day-availability-issue/ /forums/thread-213.html;
/forums/topic/new-os-x-10-9-installation-connection-timeout/ /forums/thread-83.html;
/forums/topic/new-user-terribly-confused/ /forums/thread-256.html;
/forums/topic/newest-installer-update-download-during-installing-problem/ /forums/thread-42.html;
/forums/topic/newslinks-no-longer-download-after-latest-update/ /forums/thread-244.html;
/forums/topic/no-category-for-future-radio-shows/ /forums/thread-65.html;
/forums/topic/no-longer-possible-to-record-live-tv/ /forums/thread-270.html;
/forums/topic/no-programmes-are-available/ /forums/thread-73.html;
/forums/topic/no-programmes-are-available-for-this-pid/ /forums/thread-35.html;
/forums/topic/no-programmes-since-22nd-august/ /forums/thread-33.html;
/forums/topic/no-shows-at-all-in-index-feed/ /forums/thread-231.html;
/forums/topic/no-specified-modes-available/ /forums/thread-327.html;
/forums/topic/no-specified-modes-error/ /forums/thread-310.html;
/forums/topic/no-specified-modes-error-message/ /forums/thread-365.html;
/forums/topic/no-specified-modes-issue/ /forums/thread-52.html;
/forums/topic/no-web-ui-panic/ /forums/thread-237.html;
/forums/topic/nortoninternetsecurity-and-2-91-install/ /forums/thread-316.html;
/forums/topic/not-a-scalar-reference-error-on-shark-episode-1/ /forums/thread-412.html;
/forums/topic/not-downloading-into-sub-folders/ /forums/thread-297.html;
/forums/topic/obsolete-ffmpeg-support-broken-in-last-two-versions/ /forums/thread-441.html;
/forums/topic/odd-download/ /forums/thread-102.html;
/forums/topic/omit-id3v2-tags-from-mp3-files/ /forums/thread-207.html;
/forums/topic/only-audio-described-programmes-available/ /forums/thread-390.html;
/forums/topic/only-recorded-a-few-seconds/ /forums/thread-330.html;
/forums/topic/only-shows-cbbc-channel/ /forums/thread-176.html;
/forums/topic/osx-10-10-get-iplayer-1-8-5-bbc-not-recognised/ /forums/thread-444.html;
/forums/topic/output-command/ /forums/thread-138.html;
/forums/topic/output-renaming/ /forums/thread-14.html;
/forums/topic/parser-error/ /forums/thread-332.html;
/forums/topic/partial-recordings-or-failed-to-record/ /forums/thread-124.html;
/forums/topic/patch-for-2-94-remove-comments-in-media-headers/ /forums/thread-453.html;
/forums/topic/periodic-error/ /forums/thread-401.html;
/forums/topic/perl-exe-does-not-work-anymore/ /forums/thread-43.html;
/forums/topic/perl-exe-problem/ /forums/thread-30.html;
/forums/topic/pid-not-found-in-tv-cache/ /forums/thread-215.html;
/forums/topic/pid-weirdness-for-human-universe-ep-2/ /forums/thread-275.html;
/forums/topic/pid-will-not-download/ /forums/thread-405.html;
/forums/topic/pidindex-found-but-no-available-download/ /forums/thread-314.html;
/forums/topic/please-help-need-mp3-and-higher-bitrate/ /forums/thread-27.html;
/forums/topic/podcast-downloads-too-large-since-2-86-upgrade/ /forums/thread-168.html;
/forums/topic/possibility-to-search-based-on-time-since-a-program-was-available/ /forums/thread-425.html;
/forums/topic/powershell-script-to-download-series/ /forums/thread-325.html;
/forums/topic/prevent-get_iplayer-window-from-accidental-closure/ /forums/thread-264.html;
/forums/topic/prevent-thumbnails-downloading/ /forums/thread-183.html;
/forums/topic/probelem-with-fields-option/ /forums/thread-122.html;
/forums/topic/problem-downloading-certain-programmes/ /forums/thread-206.html;
/forums/topic/problem-getting-episodes-after-7-days/ /forums/thread-247.html;
/forums/topic/problem-with-programmes-that-are-over-7-days-old/ /forums/thread-288.html;
/forums/topic/problems-running-cron-task/ /forums/thread-63.html;
/forums/topic/problems-using-pvr-recording-function/ /forums/thread-305.html;
/forums/topic/program-digit-identifier-problems/ /forums/thread-230.html;
/forums/topic/programme-plays-on-website-but-not-available-to-get_iplayer/ /forums/thread-161.html;
/forums/topic/programmes-missing-from-pvr-index/ /forums/thread-399.html;
/forums/topic/programmes-not-available-for-download/ /forums/thread-303.html;
/forums/topic/programs-not-in-index/ /forums/thread-116.html;
/forums/topic/programs-with-a-in-title/ /forums/thread-9.html;
/forums/topic/proxy-failed/ /forums/thread-408.html;
/forums/topic/purl-option-rather-than-using-pid/ /forums/thread-271.html;
/forums/topic/puzzle-about-scalar-reference-when-downloading/ /forums/thread-392.html;
/forums/topic/pvr-broken/ /forums/thread-423.html;
/forums/topic/pvr-cant-open-cache-file-no-program-found-on-command-interface/ /forums/thread-232.html;
/forums/topic/pvr-command-to-filter-out-repeats/ /forums/thread-351.html;
/forums/topic/pvr-for-radio-programs-no-longer-seem-to-download/ /forums/thread-212.html;
/forums/topic/pvr-hold-off-examples-and-usage/ /forums/thread-404.html;
/forums/topic/pvr-manager-vs-command-line/ /forums/thread-133.html;
/forums/topic/pvr-not-working-ubuntu/ /forums/thread-430.html;
/forums/topic/pvr-search/ /forums/thread-64.html;
/forums/topic/pvr-search-limit/ /forums/thread-107.html;
/forums/topic/pvr-via-web-manager-blank-screen-when-downloading/ /forums/thread-182.html;
/forums/topic/python-script-that-uses-ion-feed-to-refresh-tv-cache/ /forums/thread-254.html;
/forums/topic/queueing-a-pid/ /forums/thread-268.html;
/forums/topic/radio-4-1842015-raft-of-the-medusa/ /forums/thread-389.html;
/forums/topic/radio-bitrates/ /forums/thread-4.html;
/forums/topic/radio-cache-only-list-last-episode/ /forums/thread-388.html;
/forums/topic/radio-download-problems/ /forums/thread-82.html;
/forums/topic/radio-failed-to-get-pid-version/ /forums/thread-445.html;
/forums/topic/radio-mode-sample-rates/ /forums/thread-336.html;
/forums/topic/radio-program-missing-in-search/ /forums/thread-86.html;
/forums/topic/radio-program-not-showing/ /forums/thread-323.html;
/forums/topic/radio-what-is-lavf54-29-104/ /forums/thread-279.html;
/forums/topic/random-incomplete-downloads/ /forums/thread-344.html;
/forums/topic/raspbian-the-following-signatures-were-invalid-during-apt-get-update/ /forums/thread-153.html;
/forums/topic/re-bbc-blows-up-listing-feeds/ /forums/thread-415.html;
/forums/topic/re-downloading-failed-items/ /forums/thread-140.html;
/forums/topic/record-live-radio-error/ /forums/thread-98.html;
/forums/topic/record-more-than-most-recent-show/ /forums/thread-290.html;
/forums/topic/record-tv-as-audio-only/ /forums/thread-368.html;
/forums/topic/recording/ /forums/thread-142.html;
/forums/topic/recording-futurepast-series/ /forums/thread-76.html;
/forums/topic/recording-incomplete-command-line-output-using-force/ /forums/thread-224.html;
/forums/topic/recording-of-live-stream-freezes-and-skips/ /forums/thread-340.html;
/forums/topic/red-buton/ /forums/thread-150.html;
/forums/topic/regular-expressions-pvr-using-web-interface/ /forums/thread-45.html;
/forums/topic/reinstalled-and-now-not-working-tv-radio/ /forums/thread-84.html;
/forums/topic/remove-copyright-notice-display/ /forums/thread-88.html;
/forums/topic/removing-metadata/ /forums/thread-143.html;
/forums/topic/resuming-broken/ /forums/thread-79.html;
/forums/topic/rtmp-server-sent-error/ /forums/thread-113.html;
/forums/topic/rtmpdump-hanging/ /forums/thread-169.html;
/forums/topic/rtmpdump-stops-downloading-at-70-80/ /forums/thread-339.html;
/forums/topic/rtmpdump-swfurl-error/ /forums/thread-209.html;
/forums/topic/rtmpdump-wont-run-on-windows-7-64-bit/ /forums/thread-187.html;
/forums/topic/rtmp_readpacket-failed-to-read-rtmp-packet-header/ /forums/thread-223.html;
/forums/topic/run-pvr-not-actually-running-anything/ /forums/thread-40.html;
/forums/topic/run-pvr-not-working/ /forums/thread-400.html;
/forums/topic/save-downloads-as-mpeg2/ /forums/thread-277.html;
/forums/topic/saved-mp4-files-cant-be-played-on-chromecast/ /forums/thread-257.html;
/forums/topic/saving-to-dir/ /forums/thread-335.html;
/forums/topic/screen-scraper-example/ /forums/thread-240.html;
/forums/topic/search-puzzlement/ /forums/thread-112.html;
/forums/topic/searching-for-downloading-older-radio-programmes/ /forums/thread-181.html;
/forums/topic/searching-for-programmes-which-only-contain-numbers/ /forums/thread-104.html;
/forums/topic/searching-working-on-windows-but-not-linux/ /forums/thread-331.html;
/forums/topic/server-or-local/ /forums/thread-433.html;
/forums/topic/setting-options-does-not-appear-to-be-picked-up-by-get_iplayer-subdir-format/ /forums/thread-127.html;
/forums/topic/setting-up-a-pvr-for-bbc-parliament/ /forums/thread-204.html;
/forums/topic/should-we-avoid-using-the-web-pvr/ /forums/thread-334.html;
/forums/topic/silent-witness-series-18-episode-numbers/ /forums/thread-326.html;
/forums/topic/simply-dont-work/ /forums/thread-193.html;
/forums/topic/simply-get-url-of-video/ /forums/thread-92.html;
/forums/topic/slow-down-and-file-name-change/ /forums/thread-146.html;
/forums/topic/small-videos-stuck/ /forums/thread-286.html;
/forums/topic/some-programmes-truncated/ /forums/thread-371.html;
/forums/topic/some-radio-programmes-wont-record/ /forums/thread-300.html;
/forums/topic/some-tv-programmes-suggesting-you-download-using-modesflashaacstd/ /forums/thread-273.html;
/forums/topic/specify-download-default/ /forums/thread-452.html;
/forums/topic/split-get_iplayer-not-working/ /forums/thread-298.html;
/forums/topic/split-get_iplayer-wont-download-at-all/ /forums/thread-319.html;
/forums/topic/split-how-do-i-patch-rtmpdump/ /forums/thread-312.html;
/forums/topic/split-trouble-updating-to-git-head/ /forums/thread-306.html;
/forums/topic/stack-smashing-detected/ /forums/thread-451.html;
/forums/topic/stereo-to-mono/ /forums/thread-375.html;
/forums/topic/still-recording-the-old-school-way/ /forums/thread-272.html;
/forums/topic/stopping-the-download/ /forums/thread-200.html;
/forums/topic/stream-error-can-lead-to-an-rtmp-crash/ /forums/thread-100.html;
/forums/topic/stream-fails-to-play-any-idea-what-could-be-happening/ /forums/thread-174.html;
/forums/topic/streaming-bbc-one-wales-live-with-get_iplayer/ /forums/thread-391.html;
/forums/topic/subtitles/ /forums/thread-47.html;
/forums/topic/subtitles-strange-issue/ /forums/thread-48.html;
/forums/topic/tagging-m4a-files/ /forums/thread-144.html;
/forums/topic/terminating-pvr-cleanly/ /forums/thread-361.html;
/forums/topic/test-topic/ /forums/thread-11.html;
/forums/topic/test-topic-2/ /forums/thread-202.html;
/forums/topic/test-topic-please-ignore-email-delivery-rule-failure/ /forums/thread-295.html;
/forums/topic/thank-you/ /forums/thread-411.html;
/forums/topic/thanks-to-all/ /forums/thread-245.html;
/forums/topic/thanks-to-the-get_iplayer-team-respect/ /forums/thread-353.html;
/forums/topic/the-bbc-has-blown-up-live-tv-streaming-no-workaround/ /forums/thread-416.html;
/forums/topic/the-bbc-has-blown-up-tv-listing-feeds-here-is-the-workaround/ /forums/thread-410.html;
/forums/topic/the-wonderful-get_iplayer/ /forums/thread-357.html;
/forums/topic/thumbnail-failure/ /forums/thread-225.html;
/forums/topic/thumbnail-not-added-to-radio-wales-show/ /forums/thread-151.html;
/forums/topic/thumbnails-incorrectly-resized/ /forums/thread-296.html;
/forums/topic/timestamp-warnings/ /forums/thread-289.html;
/forums/topic/top-of-the-pops/ /forums/thread-285.html;
/forums/topic/transferring-get_iplayer/ /forums/thread-387.html;
/forums/topic/trouble-deciding-which-version-to-use-as-default/ /forums/thread-386.html;
/forums/topic/trouble-downloading-octonauts-s01e02-in-hd/ /forums/thread-338.html;
/forums/topic/trouble-getting-bbc-radio-programmes/ /forums/thread-16.html;
/forums/topic/trouble-recording-with-web-pvr-manager-windows/ /forums/thread-402.html;
/forums/topic/trying-to-increase-volume/ /forums/thread-115.html;
/forums/topic/tv-and-radio-in-different-directories/ /forums/thread-118.html;
/forums/topic/ubuntu-14-04-radio-over-7-days-wont-download/ /forums/thread-414.html;
/forums/topic/unable-to-download-bbc-radio-plays/ /forums/thread-197.html;
/forums/topic/unable-to-download-certain-tv-programmes/ /forums/thread-156.html;
/forums/topic/unable-to-download-large-video-files-from-iplayer/ /forums/thread-188.html;
/forums/topic/unable-to-download-program-since-tuesday/ /forums/thread-293.html;
/forums/topic/unable-to-download-strictly-cd/ /forums/thread-283.html;
/forums/topic/unable-to-get-an-item-under-linux-ok-in-windows/ /forums/thread-119.html;
/forums/topic/unable-to-install/ /forums/thread-8.html;
/forums/topic/unable-to-install-get_iplayer/ /forums/thread-24.html;
/forums/topic/unable-to-install-latest-2-90-in-windows-8/ /forums/thread-274.html;
/forums/topic/unable-to-record-radio-and-audiodescribed-tv/ /forums/thread-178.html;
/forums/topic/unable-to-record-tv-with-flashlow-quality/ /forums/thread-341.html;
/forums/topic/unwanted-audiodescribed-programs/ /forums/thread-355.html;
/forums/topic/urgent-help/ /forums/thread-432.html;
/forums/topic/urgent-help-plse/ /forums/thread-80.html;
/forums/topic/use-force-to-override/ /forums/thread-110.html;
/forums/topic/userscript-to-complement-get_iplayer/ /forums/thread-235.html;
/forums/topic/using-a-windows-thin-client-for-get_iplayer/ /forums/thread-362.html;
/forums/topic/using-ffmpeg-on-old-downloads/ /forums/thread-126.html;
/forums/topic/using-growl-for-windows-with-get_iplayer/ /forums/thread-120.html;
/forums/topic/using-pvr-for-welsh-shows/ /forums/thread-302.html;
/forums/topic/using-start-and-stop-options/ /forums/thread-251.html;
/forums/topic/using-the-bbc-api/ /forums/thread-356.html;
/forums/topic/using-the-pid-method-how-to-have-consecutive-downloads/ /forums/thread-258.html;
/forums/topic/utf-8-bug/ /forums/thread-211.html;
/forums/topic/v2-86-couldnt-open-cache-file/ /forums/thread-149.html;
/forums/topic/version-2-87-fails-to-even-start-up-issue-with-get_iplayer-pl-line-74/ /forums/thread-222.html;
/forums/topic/virus-reported/ /forums/thread-320.html;
/forums/topic/warning-failed-to-get-programme-index-feed/ /forums/thread-159.html;
/forums/topic/warning-failed-to-get-programme-index-feed-for/ /forums/thread-287.html;
/forums/topic/warning-failed-to-get-programme-index-feed-for-2/ /forums/thread-435.html;
/forums/topic/warning-the-default-programme-version-could-not-be-determined/ /forums/thread-446.html;
/forums/topic/web-proxy-url-not-used-during-pvr-run/ /forums/thread-117.html;
/forums/topic/web-pvr-bbc-work-around/ /forums/thread-437.html;
/forums/topic/web-pvr-cant-find-hd-versions/ /forums/thread-195.html;
/forums/topic/web-pvr-fails-with-cannot-fork-at-get_iplayer-cgi-line-328/ /forums/thread-438.html;
/forums/topic/web-pvr-features/ /forums/thread-131.html;
/forums/topic/web-pvr-manager/ /forums/thread-87.html;
/forums/topic/web-pvr-manager-fails-to-fork-after-a-day-or-so/ /forums/thread-429.html;
/forums/topic/web-pvr-manager-hangs/ /forums/thread-173.html;
/forums/topic/web-pvr-managergip-crashes-every-24-hrs-or-so/ /forums/thread-20.html;
/forums/topic/web-pvr-unable-to-set-vlc-for-playback/ /forums/thread-352.html;
/forums/topic/webscraper-full-version/ /forums/thread-265.html;
/forums/topic/webscrapping-tvradio-cache/ /forums/thread-250.html;
/forums/topic/web_pvr-working-spot-on-but-command-line-pvr-acting-up/ /forums/thread-194.html;
/forums/topic/what-does-get_iplayer-initially-send-out/ /forums/thread-348.html;
/forums/topic/where-do-i-find-the-get_iplayer/ /forums/thread-1.html;
/forums/topic/widows-8-1-detailed-installation-guide/ /forums/thread-292.html;
/forums/topic/win-pvr-no-listings-at-all/ /forums/thread-108.html;
/forums/topic/windows-8-1-help/ /forums/thread-103.html;
/forums/topic/windows-install-question/ /forums/thread-90.html;
/forums/topic/writing-episode-numbers-for-eastenders/ /forums/thread-38.html;
/forums/topic/xmlsimple-error-only-when-running-via-crontab/ /forums/thread-434.html;
